---
source: mux-compiler/tests/codegen_integration.rs
expression: ll_content
---
; ModuleID = 'mux_module'
source_filename = "mux_module"

@str_0 = global [9 x i8] c"Positive\00"
@str_1 = global [13 x i8] c"Non-positive\00"
@str_2 = global [8 x i8] c"Large: \00"
@str_3 = global [8 x i8] c"Small: \00"
@str_4 = global [5 x i8] c"None\00"
@str_5 = global [5 x i8] c"even\00"
@str_6 = global [4 x i8] c"odd\00"
@str_7 = global [9 x i8] c"Negative\00"
@str_8 = global [5 x i8] c"Zero\00"
@str_9 = global [9 x i8] c"Non-zero\00"
@str_10 = global [5 x i8] c"gt10\00"
@str_11 = global [4 x i8] c"gt5\00"
@str_12 = global [6 x i8] c"other\00"
@str_13 = global [4 x i8] c"one\00"
@str_14 = global [5 x i8] c"zero\00"
@str_15 = global [14 x i8] c"nl brace then\00"
@str_16 = global [14 x i8] c"nl brace else\00"
@str_17 = global [10 x i8] c"Final x: \00"

declare ptr @mux_value_from_string(ptr)

declare ptr @mux_new_string_from_cstr(ptr)

declare void @mux_print(ptr)

declare void @mux_println_val(ptr)

declare void @exit(i32)

declare ptr @mux_string_concat(ptr, ptr)

declare ptr @mux_value_get_string(ptr)

declare ptr @mux_value_from_string.1(ptr)

declare ptr @mux_int_to_string(i64)

declare ptr @mux_int_to_float(i64)

declare ptr @mux_float_to_int(double)

declare ptr @mux_float_to_string(double)

declare ptr @mux_bool_to_string(i1)

declare ptr @mux_bool_to_int(ptr)

declare ptr @mux_bool_to_float(ptr)

declare ptr @mux_string_to_string(ptr)

declare ptr @mux_list_to_string(ptr)

declare ptr @mux_map_to_string(ptr)

declare i32 @mux_register_object_type(ptr, i64)

declare ptr @mux_alloc_object(i32)

declare void @mux_free_object(ptr)

declare ptr @mux_get_object_ptr(ptr)

declare ptr @mux_set_to_string(ptr)

declare ptr @mux_optional_to_string(ptr)

declare ptr @mux_value_from_optional(ptr)

declare ptr @mux_value_get_list(ptr)

declare ptr @mux_value_to_string(ptr)

declare ptr @mux_list_value(ptr)

declare ptr @mux_map_value(ptr)

declare ptr @mux_set_value(ptr)

declare ptr @mux_range(i64, i64)

declare ptr @mux_new_list()

declare ptr @mux_new_map()

declare ptr @mux_new_set()

declare ptr @mux_value_add(ptr, ptr)

declare i64 @mux_value_get_int(ptr)

declare double @mux_value_get_float(ptr)

declare i1 @mux_value_get_bool(ptr)

declare i32 @mux_value_get_type_tag(ptr)

declare void @mux_free_value(ptr)

declare void @mux_list_push_back(ptr, ptr)

declare ptr @mux_list_get(ptr, i64)

declare ptr @mux_list_get_value(ptr, i64)

declare i64 @mux_list_length(ptr)

declare i64 @mux_value_list_length(ptr)

declare ptr @mux_value_list_get_value(ptr, i64)

declare ptr @mux_list_pop_back(ptr)

declare i1 @mux_list_is_empty(ptr)

declare void @mux_map_put(ptr, ptr, ptr)

declare ptr @mux_map_get(ptr, ptr)

declare i1 @mux_map_contains(ptr, ptr)

declare ptr @mux_map_remove(ptr, ptr)

declare void @mux_set_add(ptr, ptr)

declare i1 @mux_set_contains(ptr, ptr)

declare i1 @mux_set_remove(ptr, ptr)

declare i64 @mux_set_size(ptr)

declare i1 @mux_set_is_empty(ptr)

declare i64 @mux_map_size(ptr)

declare i1 @mux_map_is_empty(ptr)

declare ptr @mux_int_value(i64)

declare ptr @mux_float_value(double)

declare ptr @mux_bool_value(i1)

declare ptr @mux_string_value(ptr)

declare ptr @mux_int_to_string.2(i64)

declare i64 @mux_int_from_value(ptr)

declare double @mux_float_from_value(ptr)

declare i1 @mux_bool_from_value(ptr)

declare ptr @mux_string_from_value(ptr)

declare ptr @mux_result_ok_int(i64)

declare ptr @mux_result_err_str(ptr)

declare ptr @mux_optional_some_int(i64)

declare ptr @mux_optional_none()

declare ptr @mux_result_ok_int.3(i64)

declare ptr @mux_result_err_str.4(ptr)

declare i32 @mux_optional_discriminant(ptr)

declare ptr @mux_optional_data(ptr)

declare i32 @mux_result_discriminant(ptr)

declare ptr @mux_result_data(ptr)

define void @main() {
entry:
  %call = call ptr @mux_int_value(i64 5)
  %x = alloca ptr, align 8
  store ptr %call, ptr %x, align 8
  %x1 = load ptr, ptr %x, align 8
  %get_int = call i64 @mux_value_get_int(ptr %x1)
  %gt = icmp sgt i64 %get_int, 0
  br i1 %gt, label %if_then_0, label %if_else_0

if_then_0:                                        ; preds = %entry
  %call2 = call ptr @mux_new_string_from_cstr(ptr @str_0)
  call void @mux_println_val(ptr %call2)
  br label %if_merge_0

if_else_0:                                        ; preds = %entry
  %call3 = call ptr @mux_new_string_from_cstr(ptr @str_1)
  call void @mux_println_val(ptr %call3)
  br label %if_merge_0

if_merge_0:                                       ; preds = %if_else_0, %if_then_0
  %some_call = call ptr @mux_optional_some_int(i64 15)
  %discriminant_call = call i32 @mux_optional_discriminant(ptr %some_call)
  %match_cmp = icmp eq i32 %discriminant_call, 0
  br i1 %match_cmp, label %match_arm_1_0, label %match_next_1_0

match_end_1:                                      ; preds = %match_arm_1_2, %match_next_1_1, %match_arm_1_1, %match_guard_pass_0
  %index = alloca i64, align 8
  store i64 0, ptr %index, align 4
  %i = alloca ptr, align 8
  br label %for_header_2

match_arm_1_0:                                    ; preds = %if_merge_0
  %data_call = call ptr @mux_optional_data(ptr %some_call)
  %get_int4 = call i64 @mux_value_get_int(ptr %data_call)
  %call5 = call ptr @mux_int_value(i64 %get_int4)
  %v = alloca ptr, align 8
  store ptr %call5, ptr %v, align 8
  %v6 = load ptr, ptr %v, align 8
  %get_int7 = call i64 @mux_value_get_int(ptr %v6)
  %gt8 = icmp sgt i64 %get_int7, 10
  br i1 %gt8, label %match_guard_pass_0, label %match_next_1_0

match_next_1_0:                                   ; preds = %match_arm_1_0, %if_merge_0
  %match_cmp15 = icmp eq i32 %discriminant_call, 0
  br i1 %match_cmp15, label %match_arm_1_1, label %match_next_1_1

match_guard_pass_0:                               ; preds = %match_arm_1_0
  %call9 = call ptr @mux_new_string_from_cstr(ptr @str_2)
  %v10 = load ptr, ptr %v, align 8
  %get_int11 = call i64 @mux_value_get_int(ptr %v10)
  %int_to_str = call ptr @mux_int_to_string(i64 %get_int11)
  %new_str = call ptr @mux_new_string_from_cstr(ptr %int_to_str)
  %get_type = call i32 @mux_value_get_type_tag(ptr %call9)
  %is_string = icmp eq i32 %get_type, 3
  %get_type12 = call i32 @mux_value_get_type_tag(ptr %new_str)
  %is_string13 = icmp eq i32 %get_type12, 3
  %get_string = call ptr @mux_value_get_string(ptr %call9)
  %get_string14 = call ptr @mux_value_get_string(ptr %new_str)
  %string_concat = call ptr @mux_string_concat(ptr %get_string, ptr %get_string14)
  %from_string = call ptr @mux_value_from_string(ptr %string_concat)
  call void @mux_println_val(ptr %from_string)
  br label %match_end_1

match_arm_1_1:                                    ; preds = %match_next_1_0
  %data_call16 = call ptr @mux_optional_data(ptr %some_call)
  %get_int17 = call i64 @mux_value_get_int(ptr %data_call16)
  %call18 = call ptr @mux_int_value(i64 %get_int17)
  %v19 = alloca ptr, align 8
  store ptr %call18, ptr %v19, align 8
  %call20 = call ptr @mux_new_string_from_cstr(ptr @str_3)
  %v21 = load ptr, ptr %v19, align 8
  %get_int22 = call i64 @mux_value_get_int(ptr %v21)
  %int_to_str23 = call ptr @mux_int_to_string(i64 %get_int22)
  %new_str24 = call ptr @mux_new_string_from_cstr(ptr %int_to_str23)
  %get_type25 = call i32 @mux_value_get_type_tag(ptr %call20)
  %is_string26 = icmp eq i32 %get_type25, 3
  %get_type27 = call i32 @mux_value_get_type_tag(ptr %new_str24)
  %is_string28 = icmp eq i32 %get_type27, 3
  %get_string29 = call ptr @mux_value_get_string(ptr %call20)
  %get_string30 = call ptr @mux_value_get_string(ptr %new_str24)
  %string_concat31 = call ptr @mux_string_concat(ptr %get_string29, ptr %get_string30)
  %from_string32 = call ptr @mux_value_from_string(ptr %string_concat31)
  call void @mux_println_val(ptr %from_string32)
  br label %match_end_1

match_next_1_1:                                   ; preds = %match_next_1_0
  br i1 true, label %match_arm_1_2, label %match_end_1

match_arm_1_2:                                    ; preds = %match_next_1_1
  %call33 = call ptr @mux_new_string_from_cstr(ptr @str_4)
  call void @mux_println_val(ptr %call33)
  br label %match_end_1

for_header_2:                                     ; preds = %for_body_2, %match_end_1
  %index_load = load i64, ptr %index, align 4
  %cmp = icmp slt i64 %index_load, 3
  br i1 %cmp, label %for_body_2, label %for_exit_2

for_body_2:                                       ; preds = %for_header_2
  %index_load2 = load i64, ptr %index, align 4
  %call34 = call ptr @mux_int_value(i64 %index_load2)
  store ptr %call34, ptr %i, align 8
  %i35 = load ptr, ptr %i, align 8
  %get_int36 = call i64 @mux_value_get_int(ptr %i35)
  %int_to_str37 = call ptr @mux_int_to_string(i64 %get_int36)
  %new_str38 = call ptr @mux_new_string_from_cstr(ptr %int_to_str37)
  call void @mux_println_val(ptr %new_str38)
  %inc = add i64 %index_load2, 1
  store i64 %inc, ptr %index, align 4
  br label %for_header_2

for_exit_2:                                       ; preds = %for_header_2
  %index39 = alloca i64, align 8
  store i64 0, ptr %index39, align 4
  %j = alloca ptr, align 8
  br label %for_header_3

for_header_3:                                     ; preds = %if_merge_4, %for_exit_2
  %index_load40 = load i64, ptr %index39, align 4
  %cmp41 = icmp slt i64 %index_load40, 10
  br i1 %cmp41, label %for_body_3, label %for_exit_3

for_body_3:                                       ; preds = %for_header_3
  %index_load242 = load i64, ptr %index39, align 4
  %call43 = call ptr @mux_int_value(i64 %index_load242)
  store ptr %call43, ptr %j, align 8
  %j44 = load ptr, ptr %j, align 8
  %get_int45 = call i64 @mux_value_get_int(ptr %j44)
  %mod = srem i64 %get_int45, 2
  %eq = icmp eq i64 %mod, 0
  br i1 %eq, label %if_then_4, label %if_else_4

for_exit_3:                                       ; preds = %for_header_3
  br label %while_header

if_then_4:                                        ; preds = %for_body_3
  %call46 = call ptr @mux_new_string_from_cstr(ptr @str_5)
  call void @mux_println_val(ptr %call46)
  br label %if_merge_4

if_else_4:                                        ; preds = %for_body_3
  %call47 = call ptr @mux_new_string_from_cstr(ptr @str_6)
  call void @mux_println_val(ptr %call47)
  br label %if_merge_4

if_merge_4:                                       ; preds = %if_else_4, %if_then_4
  %inc48 = add i64 %index_load242, 1
  store i64 %inc48, ptr %index39, align 4
  br label %for_header_3

while_header:                                     ; preds = %while_body, %for_exit_3
  %x49 = load ptr, ptr %x, align 8
  %get_int50 = call i64 @mux_value_get_int(ptr %x49)
  %gt51 = icmp sgt i64 %get_int50, 0
  br i1 %gt51, label %while_body, label %while_exit

while_body:                                       ; preds = %while_header
  %x52 = load ptr, ptr %x, align 8
  %get_int53 = call i64 @mux_value_get_int(ptr %x52)
  %sub_assign = sub i64 %get_int53, 1
  %call54 = call ptr @mux_int_value(i64 %sub_assign)
  store ptr %call54, ptr %x, align 8
  br label %while_header

while_exit:                                       ; preds = %while_header
  %x55 = load ptr, ptr %x, align 8
  %get_int56 = call i64 @mux_value_get_int(ptr %x55)
  %lt = icmp slt i64 %get_int56, 0
  br i1 %lt, label %if_then_5, label %if_else_5

if_then_5:                                        ; preds = %while_exit
  %call57 = call ptr @mux_new_string_from_cstr(ptr @str_7)
  call void @mux_println_val(ptr %call57)
  br label %if_merge_5

if_else_5:                                        ; preds = %while_exit
  br label %if_merge_5

if_merge_5:                                       ; preds = %if_else_5, %if_then_5
  %x58 = load ptr, ptr %x, align 8
  %get_int59 = call i64 @mux_value_get_int(ptr %x58)
  %eq60 = icmp eq i64 %get_int59, 0
  br i1 %eq60, label %if_then_6, label %if_else_6

if_then_6:                                        ; preds = %if_merge_5
  %call61 = call ptr @mux_new_string_from_cstr(ptr @str_8)
  call void @mux_println_val(ptr %call61)
  br label %if_merge_6

if_else_6:                                        ; preds = %if_merge_5
  %call62 = call ptr @mux_new_string_from_cstr(ptr @str_9)
  call void @mux_println_val(ptr %call62)
  br label %if_merge_6

if_merge_6:                                       ; preds = %if_else_6, %if_then_6
  %x63 = load ptr, ptr %x, align 8
  %get_int64 = call i64 @mux_value_get_int(ptr %x63)
  %gt65 = icmp sgt i64 %get_int64, 10
  br i1 %gt65, label %if_then_7, label %if_else_7

if_then_7:                                        ; preds = %if_merge_6
  %call66 = call ptr @mux_new_string_from_cstr(ptr @str_10)
  call void @mux_println_val(ptr %call66)
  br label %if_merge_7

if_else_7:                                        ; preds = %if_merge_6
  %x67 = load ptr, ptr %x, align 8
  %get_int68 = call i64 @mux_value_get_int(ptr %x67)
  %gt69 = icmp sgt i64 %get_int68, 5
  br i1 %gt69, label %if_then_8, label %if_else_8

if_merge_7:                                       ; preds = %if_merge_8, %if_then_7
  %index72 = alloca i64, align 8
  store i64 0, ptr %index72, align 4
  %j73 = alloca ptr, align 8
  br label %for_header_9

if_then_8:                                        ; preds = %if_else_7
  %call70 = call ptr @mux_new_string_from_cstr(ptr @str_11)
  call void @mux_println_val(ptr %call70)
  br label %if_merge_8

if_else_8:                                        ; preds = %if_else_7
  %call71 = call ptr @mux_new_string_from_cstr(ptr @str_12)
  call void @mux_println_val(ptr %call71)
  br label %if_merge_8

if_merge_8:                                       ; preds = %if_else_8, %if_then_8
  br label %if_merge_7

for_header_9:                                     ; preds = %if_merge_10, %if_merge_7
  %index_load74 = load i64, ptr %index72, align 4
  %cmp75 = icmp slt i64 %index_load74, 3
  br i1 %cmp75, label %for_body_9, label %for_exit_9

for_body_9:                                       ; preds = %for_header_9
  %index_load276 = load i64, ptr %index72, align 4
  %call77 = call ptr @mux_int_value(i64 %index_load276)
  store ptr %call77, ptr %j73, align 8
  %j78 = load ptr, ptr %j73, align 8
  %get_int79 = call i64 @mux_value_get_int(ptr %j78)
  %eq80 = icmp eq i64 %get_int79, 1
  br i1 %eq80, label %if_then_10, label %if_else_10

for_exit_9:                                       ; preds = %for_header_9
  br label %while_header87

if_then_10:                                       ; preds = %for_body_9
  %call81 = call ptr @mux_new_string_from_cstr(ptr @str_13)
  call void @mux_println_val(ptr %call81)
  br label %if_merge_10

if_else_10:                                       ; preds = %for_body_9
  %j82 = load ptr, ptr %j73, align 8
  %get_int83 = call i64 @mux_value_get_int(ptr %j82)
  %eq84 = icmp eq i64 %get_int83, 0
  br i1 %eq84, label %if_then_11, label %if_else_11

if_merge_10:                                      ; preds = %if_merge_11, %if_then_10
  %inc86 = add i64 %index_load276, 1
  store i64 %inc86, ptr %index72, align 4
  br label %for_header_9

if_then_11:                                       ; preds = %if_else_10
  %call85 = call ptr @mux_new_string_from_cstr(ptr @str_14)
  call void @mux_println_val(ptr %call85)
  br label %if_merge_11

if_else_11:                                       ; preds = %if_else_10
  br label %if_merge_11

if_merge_11:                                      ; preds = %if_else_11, %if_then_11
  br label %if_merge_10

while_header87:                                   ; preds = %while_body88, %for_exit_9
  %x90 = load ptr, ptr %x, align 8
  %get_int91 = call i64 @mux_value_get_int(ptr %x90)
  %lt92 = icmp slt i64 %get_int91, 3
  br i1 %lt92, label %while_body88, label %while_exit89

while_body88:                                     ; preds = %while_header87
  %x93 = load ptr, ptr %x, align 8
  %get_int94 = call i64 @mux_value_get_int(ptr %x93)
  %add = add i64 %get_int94, 1
  %call95 = call ptr @mux_int_value(i64 %add)
  store ptr %call95, ptr %x, align 8
  br label %while_header87

while_exit89:                                     ; preds = %while_header87
  %x96 = load ptr, ptr %x, align 8
  %get_int97 = call i64 @mux_value_get_int(ptr %x96)
  %gt98 = icmp sgt i64 %get_int97, 1
  br i1 %gt98, label %if_then_12, label %if_else_12

if_then_12:                                       ; preds = %while_exit89
  %call99 = call ptr @mux_new_string_from_cstr(ptr @str_15)
  call void @mux_println_val(ptr %call99)
  br label %if_merge_12

if_else_12:                                       ; preds = %while_exit89
  %call100 = call ptr @mux_new_string_from_cstr(ptr @str_16)
  call void @mux_println_val(ptr %call100)
  br label %if_merge_12

if_merge_12:                                      ; preds = %if_else_12, %if_then_12
  %call101 = call ptr @mux_new_string_from_cstr(ptr @str_17)
  %x102 = load ptr, ptr %x, align 8
  %get_int103 = call i64 @mux_value_get_int(ptr %x102)
  %int_to_str104 = call ptr @mux_int_to_string(i64 %get_int103)
  %new_str105 = call ptr @mux_new_string_from_cstr(ptr %int_to_str104)
  %get_type106 = call i32 @mux_value_get_type_tag(ptr %call101)
  %is_string107 = icmp eq i32 %get_type106, 3
  %get_type108 = call i32 @mux_value_get_type_tag(ptr %new_str105)
  %is_string109 = icmp eq i32 %get_type108, 3
  %get_string110 = call ptr @mux_value_get_string(ptr %call101)
  %get_string111 = call ptr @mux_value_get_string(ptr %new_str105)
  %string_concat112 = call ptr @mux_string_concat(ptr %get_string110, ptr %get_string111)
  %from_string113 = call ptr @mux_value_from_string(ptr %string_concat112)
  call void @mux_println_val(ptr %from_string113)
  ret void
}
