---
source: mux-compiler/tests/codegen_integration.rs
expression: ll_content
---
; ModuleID = 'mux_module'
source_filename = "mux_module"

@str_0 = global [9 x i8] c"Positive\00"
@str_1 = global [13 x i8] c"Non-positive\00"
@str_2 = global [8 x i8] c"Large: \00"
@str_3 = global [8 x i8] c"Small: \00"
@str_4 = global [5 x i8] c"None\00"
@str_5 = global [5 x i8] c"even\00"
@str_6 = global [4 x i8] c"odd\00"
@str_7 = global [9 x i8] c"Negative\00"
@str_8 = global [5 x i8] c"Zero\00"
@str_9 = global [9 x i8] c"Non-zero\00"
@str_10 = global [5 x i8] c"gt10\00"
@str_11 = global [4 x i8] c"gt5\00"
@str_12 = global [6 x i8] c"other\00"
@str_13 = global [4 x i8] c"one\00"
@str_14 = global [5 x i8] c"zero\00"
@str_15 = global [14 x i8] c"nl brace then\00"
@str_16 = global [14 x i8] c"nl brace else\00"
@str_17 = global [10 x i8] c"Final x: \00"

declare ptr @mux_value_from_string(ptr)

declare ptr @mux_new_string_from_cstr(ptr)

declare void @mux_print(ptr)

declare void @mux_println_val(ptr)

declare void @exit(i32)

declare ptr @malloc(i64)

declare ptr @mux_string_concat(ptr, ptr)

declare ptr @mux_value_get_string(ptr)

declare ptr @mux_value_from_string.1(ptr)

declare ptr @mux_int_to_string(i64)

declare ptr @mux_int_to_float(i64)

declare ptr @mux_float_to_int(double)

declare ptr @mux_float_to_string(double)

declare ptr @mux_bool_to_string(i32)

declare ptr @mux_bool_to_int(ptr)

declare ptr @mux_bool_to_float(ptr)

declare ptr @mux_string_to_string(ptr)

declare ptr @mux_list_to_string(ptr)

declare ptr @mux_list_value(ptr)

declare ptr @mux_map_value(ptr)

declare ptr @mux_set_value(ptr)

declare ptr @mux_map_to_string(ptr)

declare i32 @mux_register_object_type(ptr, i64)

declare ptr @mux_alloc_object(i32)

declare void @mux_free_object(ptr)

declare ptr @mux_get_object_ptr(ptr)

declare ptr @mux_set_to_string(ptr)

declare ptr @mux_optional_to_string(ptr)

declare ptr @mux_value_from_optional(ptr)

declare ptr @mux_value_get_list(ptr)

declare ptr @mux_value_get_map(ptr)

declare ptr @mux_value_to_string(ptr)

declare ptr @mux_list_value.2(ptr)

declare ptr @mux_map_value.3(ptr)

declare ptr @mux_set_value.4(ptr)

declare ptr @mux_range(i64, i64)

declare ptr @mux_new_list()

declare ptr @mux_new_map()

declare ptr @mux_new_set()

declare ptr @mux_value_add(ptr, ptr)

declare i64 @mux_value_get_int(ptr)

declare double @mux_value_get_float(ptr)

declare i32 @mux_value_get_bool(ptr)

declare i32 @mux_value_get_type_tag(ptr)

declare void @mux_free_value(ptr)

declare void @mux_list_push_back(ptr, ptr)

declare ptr @mux_list_get(ptr, i64)

declare ptr @mux_list_get_value(ptr, i64)

declare i64 @mux_list_length(ptr)

declare i64 @mux_value_list_length(ptr)

declare ptr @mux_value_list_get_value(ptr, i64)

declare ptr @mux_list_pop_back(ptr)

declare void @mux_list_push(ptr, ptr)

declare ptr @mux_list_pop(ptr)

declare void @mux_list_push_front(ptr, ptr)

declare ptr @mux_list_pop_front(ptr)

declare void @mux_list_push_back_value(ptr, ptr)

declare void @mux_list_push_value(ptr, ptr)

declare void @mux_list_push_front_value(ptr, ptr)

declare ptr @mux_list_pop_back_value(ptr)

declare ptr @mux_list_pop_value(ptr)

declare ptr @mux_list_pop_front_value(ptr)

declare i1 @mux_list_is_empty(ptr)

declare void @mux_map_put(ptr, ptr, ptr)

declare ptr @mux_map_get(ptr, ptr)

declare i1 @mux_map_contains(ptr, ptr)

declare ptr @mux_map_remove(ptr, ptr)

declare void @mux_set_add(ptr, ptr)

declare i1 @mux_set_contains(ptr, ptr)

declare i1 @mux_set_remove(ptr, ptr)

declare i64 @mux_set_size(ptr)

declare i1 @mux_set_is_empty(ptr)

declare i64 @mux_map_size(ptr)

declare i1 @mux_map_is_empty(ptr)

declare ptr @mux_int_value(i64)

declare ptr @mux_float_value(double)

declare ptr @mux_bool_value(i32)

declare ptr @mux_string_value(ptr)

declare ptr @mux_int_to_string.5(i64)

declare i64 @mux_int_from_value(ptr)

declare double @mux_float_from_value(ptr)

declare i32 @mux_bool_from_value(ptr)

declare ptr @mux_string_from_value(ptr)

declare ptr @mux_result_ok_int(i64)

declare ptr @mux_result_err_str(ptr)

declare ptr @mux_optional_some_int(i64)

declare ptr @mux_optional_none()

declare ptr @mux_result_ok_int.6(i64)

declare ptr @mux_result_err_str.7(ptr)

declare i32 @mux_optional_discriminant(ptr)

declare ptr @mux_optional_data(ptr)

declare i32 @mux_result_discriminant(ptr)

declare ptr @mux_result_data(ptr)

define void @main() {
entry:
  %call = call ptr @mux_int_value(i64 5)
  %x = alloca ptr, align 8
  store ptr %call, ptr %x, align 8
  %x1 = load ptr, ptr %x, align 8
  %get_int = call i64 @mux_value_get_int(ptr %x1)
  %gt = icmp sgt i64 %get_int, 0
  br i1 %gt, label %if_then_0, label %if_else_0

if_then_0:                                        ; preds = %entry
  %call2 = call ptr @mux_new_string_from_cstr(ptr @str_0)
  call void @mux_println_val(ptr %call2)
  br label %if_merge_0

if_else_0:                                        ; preds = %entry
  %call3 = call ptr @mux_new_string_from_cstr(ptr @str_1)
  call void @mux_println_val(ptr %call3)
  br label %if_merge_0

if_merge_0:                                       ; preds = %if_else_0, %if_then_0
  %some_call = call ptr @mux_optional_some_int(i64 15)
  %discriminant_call = call i32 @mux_optional_discriminant(ptr %some_call)
  %match_cmp = icmp eq i32 %discriminant_call, 0
  br i1 %match_cmp, label %match_arm_1_0, label %match_next_1_0

match_end_1:                                      ; preds = %match_arm_1_2, %match_next_1_1, %match_arm_1_1, %match_guard_pass_0
  %index = alloca i64, align 8
  store i64 0, ptr %index, align 4
  %i = alloca ptr, align 8
  br label %for_header_2

match_arm_1_0:                                    ; preds = %if_merge_0
  %data_call = call ptr @mux_optional_data(ptr %some_call)
  %get_int4 = call i64 @mux_value_get_int(ptr %data_call)
  %call5 = call ptr @mux_int_value(i64 %get_int4)
  %v = alloca ptr, align 8
  store ptr %call5, ptr %v, align 8
  %v6 = load ptr, ptr %v, align 8
  %get_int7 = call i64 @mux_value_get_int(ptr %v6)
  %gt8 = icmp sgt i64 %get_int7, 10
  br i1 %gt8, label %match_guard_pass_0, label %match_next_1_0

match_next_1_0:                                   ; preds = %match_arm_1_0, %if_merge_0
  %match_cmp13 = icmp eq i32 %discriminant_call, 0
  br i1 %match_cmp13, label %match_arm_1_1, label %match_next_1_1

match_guard_pass_0:                               ; preds = %match_arm_1_0
  %call9 = call ptr @mux_new_string_from_cstr(ptr @str_2)
  %v10 = load ptr, ptr %v, align 8
  %get_int11 = call i64 @mux_value_get_int(ptr %v10)
  %int_to_str = call ptr @mux_int_to_string(i64 %get_int11)
  %new_str = call ptr @mux_new_string_from_cstr(ptr %int_to_str)
  %get_string = call ptr @mux_value_get_string(ptr %call9)
  %get_string12 = call ptr @mux_value_get_string(ptr %new_str)
  %string_concat = call ptr @mux_string_concat(ptr %get_string, ptr %get_string12)
  %from_string = call ptr @mux_value_from_string(ptr %string_concat)
  call void @mux_println_val(ptr %from_string)
  br label %match_end_1

match_arm_1_1:                                    ; preds = %match_next_1_0
  %data_call14 = call ptr @mux_optional_data(ptr %some_call)
  %get_int15 = call i64 @mux_value_get_int(ptr %data_call14)
  %call16 = call ptr @mux_int_value(i64 %get_int15)
  %v17 = alloca ptr, align 8
  store ptr %call16, ptr %v17, align 8
  %call18 = call ptr @mux_new_string_from_cstr(ptr @str_3)
  %v19 = load ptr, ptr %v17, align 8
  %get_int20 = call i64 @mux_value_get_int(ptr %v19)
  %int_to_str21 = call ptr @mux_int_to_string(i64 %get_int20)
  %new_str22 = call ptr @mux_new_string_from_cstr(ptr %int_to_str21)
  %get_string23 = call ptr @mux_value_get_string(ptr %call18)
  %get_string24 = call ptr @mux_value_get_string(ptr %new_str22)
  %string_concat25 = call ptr @mux_string_concat(ptr %get_string23, ptr %get_string24)
  %from_string26 = call ptr @mux_value_from_string(ptr %string_concat25)
  call void @mux_println_val(ptr %from_string26)
  br label %match_end_1

match_next_1_1:                                   ; preds = %match_next_1_0
  %match_cmp27 = icmp eq i32 %discriminant_call, 1
  br i1 %match_cmp27, label %match_arm_1_2, label %match_end_1

match_arm_1_2:                                    ; preds = %match_next_1_1
  %call28 = call ptr @mux_new_string_from_cstr(ptr @str_4)
  call void @mux_println_val(ptr %call28)
  br label %match_end_1

for_header_2:                                     ; preds = %for_body_2, %match_end_1
  %index_load = load i64, ptr %index, align 4
  %cmp = icmp slt i64 %index_load, 3
  br i1 %cmp, label %for_body_2, label %for_exit_2

for_body_2:                                       ; preds = %for_header_2
  %index_load2 = load i64, ptr %index, align 4
  %call29 = call ptr @mux_int_value(i64 %index_load2)
  store ptr %call29, ptr %i, align 8
  %i30 = load ptr, ptr %i, align 8
  %get_int31 = call i64 @mux_value_get_int(ptr %i30)
  %int_to_str32 = call ptr @mux_int_to_string(i64 %get_int31)
  %new_str33 = call ptr @mux_new_string_from_cstr(ptr %int_to_str32)
  call void @mux_println_val(ptr %new_str33)
  %inc = add i64 %index_load2, 1
  store i64 %inc, ptr %index, align 4
  br label %for_header_2

for_exit_2:                                       ; preds = %for_header_2
  %index34 = alloca i64, align 8
  store i64 0, ptr %index34, align 4
  %j = alloca ptr, align 8
  br label %for_header_3

for_header_3:                                     ; preds = %if_merge_4, %for_exit_2
  %index_load35 = load i64, ptr %index34, align 4
  %cmp36 = icmp slt i64 %index_load35, 10
  br i1 %cmp36, label %for_body_3, label %for_exit_3

for_body_3:                                       ; preds = %for_header_3
  %index_load237 = load i64, ptr %index34, align 4
  %call38 = call ptr @mux_int_value(i64 %index_load237)
  store ptr %call38, ptr %j, align 8
  %j39 = load ptr, ptr %j, align 8
  %get_int40 = call i64 @mux_value_get_int(ptr %j39)
  %mod = srem i64 %get_int40, 2
  %eq = icmp eq i64 %mod, 0
  br i1 %eq, label %if_then_4, label %if_else_4

for_exit_3:                                       ; preds = %for_header_3
  br label %while_header

if_then_4:                                        ; preds = %for_body_3
  %call41 = call ptr @mux_new_string_from_cstr(ptr @str_5)
  call void @mux_println_val(ptr %call41)
  br label %if_merge_4

if_else_4:                                        ; preds = %for_body_3
  %call42 = call ptr @mux_new_string_from_cstr(ptr @str_6)
  call void @mux_println_val(ptr %call42)
  br label %if_merge_4

if_merge_4:                                       ; preds = %if_else_4, %if_then_4
  %inc43 = add i64 %index_load237, 1
  store i64 %inc43, ptr %index34, align 4
  br label %for_header_3

while_header:                                     ; preds = %while_body, %for_exit_3
  %x44 = load ptr, ptr %x, align 8
  %get_int45 = call i64 @mux_value_get_int(ptr %x44)
  %gt46 = icmp sgt i64 %get_int45, 0
  br i1 %gt46, label %while_body, label %while_exit

while_body:                                       ; preds = %while_header
  %x47 = load ptr, ptr %x, align 8
  %get_int48 = call i64 @mux_value_get_int(ptr %x47)
  %sub_assign = sub i64 %get_int48, 1
  %call49 = call ptr @mux_int_value(i64 %sub_assign)
  store ptr %call49, ptr %x, align 8
  br label %while_header

while_exit:                                       ; preds = %while_header
  %x50 = load ptr, ptr %x, align 8
  %get_int51 = call i64 @mux_value_get_int(ptr %x50)
  %lt = icmp slt i64 %get_int51, 0
  br i1 %lt, label %if_then_5, label %if_else_5

if_then_5:                                        ; preds = %while_exit
  %call52 = call ptr @mux_new_string_from_cstr(ptr @str_7)
  call void @mux_println_val(ptr %call52)
  br label %if_merge_5

if_else_5:                                        ; preds = %while_exit
  br label %if_merge_5

if_merge_5:                                       ; preds = %if_else_5, %if_then_5
  %x53 = load ptr, ptr %x, align 8
  %get_int54 = call i64 @mux_value_get_int(ptr %x53)
  %eq55 = icmp eq i64 %get_int54, 0
  br i1 %eq55, label %if_then_6, label %if_else_6

if_then_6:                                        ; preds = %if_merge_5
  %call56 = call ptr @mux_new_string_from_cstr(ptr @str_8)
  call void @mux_println_val(ptr %call56)
  br label %if_merge_6

if_else_6:                                        ; preds = %if_merge_5
  %call57 = call ptr @mux_new_string_from_cstr(ptr @str_9)
  call void @mux_println_val(ptr %call57)
  br label %if_merge_6

if_merge_6:                                       ; preds = %if_else_6, %if_then_6
  %x58 = load ptr, ptr %x, align 8
  %get_int59 = call i64 @mux_value_get_int(ptr %x58)
  %gt60 = icmp sgt i64 %get_int59, 10
  br i1 %gt60, label %if_then_7, label %if_else_7

if_then_7:                                        ; preds = %if_merge_6
  %call61 = call ptr @mux_new_string_from_cstr(ptr @str_10)
  call void @mux_println_val(ptr %call61)
  br label %if_merge_7

if_else_7:                                        ; preds = %if_merge_6
  %x62 = load ptr, ptr %x, align 8
  %get_int63 = call i64 @mux_value_get_int(ptr %x62)
  %gt64 = icmp sgt i64 %get_int63, 5
  br i1 %gt64, label %if_then_8, label %if_else_8

if_merge_7:                                       ; preds = %if_merge_8, %if_then_7
  %index67 = alloca i64, align 8
  store i64 0, ptr %index67, align 4
  %j68 = alloca ptr, align 8
  br label %for_header_9

if_then_8:                                        ; preds = %if_else_7
  %call65 = call ptr @mux_new_string_from_cstr(ptr @str_11)
  call void @mux_println_val(ptr %call65)
  br label %if_merge_8

if_else_8:                                        ; preds = %if_else_7
  %call66 = call ptr @mux_new_string_from_cstr(ptr @str_12)
  call void @mux_println_val(ptr %call66)
  br label %if_merge_8

if_merge_8:                                       ; preds = %if_else_8, %if_then_8
  br label %if_merge_7

for_header_9:                                     ; preds = %if_merge_10, %if_merge_7
  %index_load69 = load i64, ptr %index67, align 4
  %cmp70 = icmp slt i64 %index_load69, 3
  br i1 %cmp70, label %for_body_9, label %for_exit_9

for_body_9:                                       ; preds = %for_header_9
  %index_load271 = load i64, ptr %index67, align 4
  %call72 = call ptr @mux_int_value(i64 %index_load271)
  store ptr %call72, ptr %j68, align 8
  %j73 = load ptr, ptr %j68, align 8
  %get_int74 = call i64 @mux_value_get_int(ptr %j73)
  %eq75 = icmp eq i64 %get_int74, 1
  br i1 %eq75, label %if_then_10, label %if_else_10

for_exit_9:                                       ; preds = %for_header_9
  br label %while_header82

if_then_10:                                       ; preds = %for_body_9
  %call76 = call ptr @mux_new_string_from_cstr(ptr @str_13)
  call void @mux_println_val(ptr %call76)
  br label %if_merge_10

if_else_10:                                       ; preds = %for_body_9
  %j77 = load ptr, ptr %j68, align 8
  %get_int78 = call i64 @mux_value_get_int(ptr %j77)
  %eq79 = icmp eq i64 %get_int78, 0
  br i1 %eq79, label %if_then_11, label %if_else_11

if_merge_10:                                      ; preds = %if_merge_11, %if_then_10
  %inc81 = add i64 %index_load271, 1
  store i64 %inc81, ptr %index67, align 4
  br label %for_header_9

if_then_11:                                       ; preds = %if_else_10
  %call80 = call ptr @mux_new_string_from_cstr(ptr @str_14)
  call void @mux_println_val(ptr %call80)
  br label %if_merge_11

if_else_11:                                       ; preds = %if_else_10
  br label %if_merge_11

if_merge_11:                                      ; preds = %if_else_11, %if_then_11
  br label %if_merge_10

while_header82:                                   ; preds = %while_body83, %for_exit_9
  %x85 = load ptr, ptr %x, align 8
  %get_int86 = call i64 @mux_value_get_int(ptr %x85)
  %lt87 = icmp slt i64 %get_int86, 3
  br i1 %lt87, label %while_body83, label %while_exit84

while_body83:                                     ; preds = %while_header82
  %x88 = load ptr, ptr %x, align 8
  %get_int89 = call i64 @mux_value_get_int(ptr %x88)
  %add = add i64 %get_int89, 1
  %call90 = call ptr @mux_int_value(i64 %add)
  store ptr %call90, ptr %x, align 8
  br label %while_header82

while_exit84:                                     ; preds = %while_header82
  %x91 = load ptr, ptr %x, align 8
  %get_int92 = call i64 @mux_value_get_int(ptr %x91)
  %gt93 = icmp sgt i64 %get_int92, 1
  br i1 %gt93, label %if_then_12, label %if_else_12

if_then_12:                                       ; preds = %while_exit84
  %call94 = call ptr @mux_new_string_from_cstr(ptr @str_15)
  call void @mux_println_val(ptr %call94)
  br label %if_merge_12

if_else_12:                                       ; preds = %while_exit84
  %call95 = call ptr @mux_new_string_from_cstr(ptr @str_16)
  call void @mux_println_val(ptr %call95)
  br label %if_merge_12

if_merge_12:                                      ; preds = %if_else_12, %if_then_12
  %call96 = call ptr @mux_new_string_from_cstr(ptr @str_17)
  %x97 = load ptr, ptr %x, align 8
  %get_int98 = call i64 @mux_value_get_int(ptr %x97)
  %int_to_str99 = call ptr @mux_int_to_string(i64 %get_int98)
  %new_str100 = call ptr @mux_new_string_from_cstr(ptr %int_to_str99)
  %get_string101 = call ptr @mux_value_get_string(ptr %call96)
  %get_string102 = call ptr @mux_value_get_string(ptr %new_str100)
  %string_concat103 = call ptr @mux_string_concat(ptr %get_string101, ptr %get_string102)
  %from_string104 = call ptr @mux_value_from_string(ptr %string_concat103)
  call void @mux_println_val(ptr %from_string104)
  ret void
}
