---
source: mux-compiler/tests/executable_integration.rs
expression: output_to_snapshot
---
    Finished `dev` profile [unoptimized + debuginfo] target(s) in 0.02s
     Running `target/debug/mux_compiler run /home/derekcorn/code/mux-lang/test_scripts/error_cases/semantic_class_without_new.mux`
error: Cannot call non-function type
--> /home/derekcorn/code/mux-lang/test_scripts/error_cases/semantic_class_without_new.mux:5:10
   |
 5 | auto f = Foo()
   |          ^^^
   |
= help: Only functions can be called with '()'. Ensure the expression before '()' is a function.
