---
source: mux-compiler/tests/executable_integration.rs
expression: full_output
---
STDOUT:
res: [2, 4, 6]
transformed ok
pushed
transformed ok
pushed
transformed ok
pushed
res: [2, 4, 6]
done!

STDERR:
Concat: 'res: ' + '[2, 4, 6]' = 'res: [2, 4, 6]'
Concat: 'res: ' + '[2, 4, 6]' = 'res: [2, 4, 6]'
