---
source: mux-compiler/tests/executable_integration.rs
expression: output_to_snapshot
---
    Finished `dev` profile [unoptimized + debuginfo] target(s) in 0.02s
     Running `target/debug/mux_compiler run /home/derekcorn/code/mux-lang/test_scripts/error_cases/semantic_wrong_type_args.mux`

In /home/derekcorn/code/mux-lang/test_scripts/error_cases/semantic_wrong_type_args.mux, line 3:
    auto p = Pair<int>
             ^
Generic type 'Pair' requires 2 type argument(s), got 1
