---
source: mux-compiler/tests/executable_integration.rs
expression: output_to_snapshot
---
error: Binary operator '+' is not supported for types string and int
--> /home/derekcorn/code/mux-lang/test_scripts/error_cases/semantic_invalid_op.mux:2:18
   |
 2 | auto a = "str" + 1
   |                  ^
