---
source: mux-compiler/tests/executable_integration.rs
expression: normalized
---
Starting SQL debug test
Connected
Created table
Inserted: 1
Testing regular connection query
Connection query worked: Test
Testing transaction query
Transaction started
Transaction insert: 1
About to query inside transaction
Transaction query returned ResultSet
Got a row from transaction query
Transaction query worked: Transaction
Transaction committed
SQL debug test passed
