---
source: mux-compiler/tests/executable_integration.rs
expression: full_output
---
nums: [1, 2, 3, 4]
scores: {Alice: 90, Bob: 85}
matrix: [[1, 2], [3, 4]]
avgs: {Alice: 90, Bob: 85}
grid: [[1, 2], [3, 4]]
myset: {1, 2, 4}
abt to safe
Safe access: Some(1)
abt to direct
Direct access: 1
Access a map: Some(90)
