---
source: mux-compiler/tests/executable_integration.rs
expression: output_to_snapshot
---
error: Type mismatch: expected fn() -> void, got fn(int) -> void
--> test_scripts/error_cases/semantic_sync_spawn_wrong_lambda_signature.mux:3:28
   |
 3 | result<Thread, string> t = sync.spawn(func(int x) returns void {
   |                            ^^^^^^^^^^
