---
source: mux-compiler/tests/executable_integration.rs
expression: output_to_snapshot
---
    Finished `dev` profile [unoptimized + debuginfo] target(s) in 0.02s
     Running `target/debug/mux_compiler run /home/derekcorn/code/mux-lang/test_scripts/error_cases/lexer_char_too_long.mux`

In /home/derekcorn/code/mux-lang/test_scripts/error_cases/lexer_char_too_long.mux, line 2:
    auto c = 'ab'
              ^
Char literal must be exactly one character
  = help: Example: 'a', '\n', '\''
