---
source: mux-compiler/tests/executable_integration.rs
expression: output_to_snapshot
---
    Finished `dev` profile [unoptimized + debuginfo] target(s) in 0.02s
     Running `target/debug/mux run /home/derekcorn/code/mux-lang/test_scripts/error_cases/lexer_missing_digit.mux`
error: Expected digit after decimal point
--> /home/derekcorn/code/mux-lang/test_scripts/error_cases/lexer_missing_digit.mux:2:11
   |
 2 | auto f = 1.
   |           ^
