---
source: mux-compiler/tests/executable_integration.rs
expression: output_to_snapshot
---
=== Testing Optional is_some() and is_none() ===
opt1 = Some(42)
opt1.is_some() = true
opt1.is_none() = false

opt2 = None
opt2.is_some() = false
opt2.is_none() = true

=== Testing in conditionals ===
✓ opt1.is_some() returned true
✓ opt2.is_none() returned true

opt3 = Some("hello")
opt3.is_some() = true
opt3.is_none() = false

=== All tests completed ===
