---
source: mux-compiler/tests/executable_integration.rs
expression: output_to_snapshot
---
    Finished `dev` profile [unoptimized + debuginfo] target(s) in 0.02s
     Running `target/debug/mux run /home/derekcorn/code/mux-lang/test_scripts/error_cases/semantic_assign_index_non.mux`
error: Cannot index non-list type
--> /home/derekcorn/code/mux-lang/test_scripts/error_cases/semantic_assign_index_non.mux:3:1
   |
 3 | s[0] = 'a'
   | ^
   |
= help: Only lists and maps can be indexed with '[]'. Examples: my_list[0], my_map['key']
