---
source: tests/lexer_integration.rs
expression: "format!(\"{:#?}\", actual_token_types.to_owned())"
---
[
    LineComment(
        "Generics",
    ),
    NewLine,
    Func,
    Id(
        "max",
    ),
    OpenBracket,
    Id(
        "T",
    ),
    Id(
        "comparable",
    ),
    CloseBracket,
    OpenParen,
    Id(
        "T",
    ),
    Id(
        "a",
    ),
    Comma,
    Id(
        "T",
    ),
    Id(
        "b",
    ),
    CloseParen,
    Returns,
    Id(
        "T",
    ),
    OpenBrace,
    If,
    Id(
        "a",
    ),
    Gt,
    Id(
        "b",
    ),
    OpenBrace,
    Return,
    Id(
        "a",
    ),
    CloseBrace,
    Return,
    Id(
        "b",
    ),
    CloseBrace,
    NewLine,
    NewLine,
    Class,
    Id(
        "Stack",
    ),
    OpenBracket,
    Id(
        "T",
    ),
    CloseBracket,
    OpenBrace,
    NewLine,
    Id(
        "list",
    ),
    Lt,
    Id(
        "T",
    ),
    Gt,
    Id(
        "items",
    ),
    NewLine,
    Func,
    Id(
        "push",
    ),
    OpenParen,
    Id(
        "T",
    ),
    Id(
        "item",
    ),
    CloseParen,
    Returns,
    Id(
        "void",
    ),
    OpenBrace,
    Id(
        "items",
    ),
    Dot,
    Id(
        "append",
    ),
    OpenParen,
    Id(
        "item",
    ),
    CloseParen,
    CloseBrace,
    NewLine,
    Func,
    Id(
        "pop",
    ),
    OpenParen,
    CloseParen,
    Returns,
    Id(
        "Optional",
    ),
    Lt,
    Id(
        "T",
    ),
    Gt,
    OpenBrace,
    NewLine,
    If,
    Id(
        "items",
    ),
    Dot,
    Id(
        "isEmpty",
    ),
    OpenParen,
    CloseParen,
    OpenBrace,
    Return,
    Id(
        "None",
    ),
    CloseBrace,
    NewLine,
    Return,
    Id(
        "Some",
    ),
    OpenParen,
    Id(
        "items",
    ),
    Dot,
    Id(
        "removeLast",
    ),
    OpenParen,
    CloseParen,
    CloseParen,
    NewLine,
    CloseBrace,
    NewLine,
    CloseBrace,
    NewLine,
    NewLine,
    Auto,
    Id(
        "s",
    ),
    Eq,
    Id(
        "Stack",
    ),
    Lt,
    Id(
        "int",
    ),
    Gt,
    OpenParen,
    CloseParen,
    NewLine,
    Id(
        "s",
    ),
    Dot,
    Id(
        "push",
    ),
    OpenParen,
    Int(
        42,
    ),
    CloseParen,
    NewLine,
]
