---
source: tests/lexer_integration.rs
expression: "format!(\"{:#?}\", actual_token_types.to_owned())"
---
[
    LineComment(
        "Enums and Classes",
    ),
    NewLine,
    Enum,
    Id(
        "Shape",
    ),
    OpenBrace,
    Id(
        "Circle",
    ),
    OpenParen,
    Id(
        "float",
    ),
    Id(
        "r",
    ),
    CloseParen,
    Comma,
    Id(
        "Rectangle",
    ),
    OpenParen,
    Id(
        "float",
    ),
    Id(
        "w",
    ),
    Comma,
    Id(
        "float",
    ),
    Id(
        "h",
    ),
    CloseParen,
    CloseBrace,
    NewLine,
    NewLine,
    Interface,
    Id(
        "Drawable",
    ),
    OpenBrace,
    Func,
    Id(
        "draw",
    ),
    OpenParen,
    CloseParen,
    Returns,
    Id(
        "void",
    ),
    CloseBrace,
    NewLine,
    NewLine,
    Class,
    Id(
        "Circle",
    ),
    Is,
    Id(
        "Drawable",
    ),
    OpenBrace,
    NewLine,
    Id(
        "float",
    ),
    Id(
        "radius",
    ),
    NewLine,
    Func,
    Id(
        "draw",
    ),
    OpenParen,
    CloseParen,
    Returns,
    Id(
        "void",
    ),
    OpenBrace,
    Id(
        "print",
    ),
    OpenParen,
    Str(
        "Circle radius=",
    ),
    Plus,
    Id(
        "radius",
    ),
    CloseParen,
    CloseBrace,
    NewLine,
    CloseBrace,
    NewLine,
]
