---
source: tests/lexer_integration.rs
expression: "format!(\"{:#?}\", actual_token_types.to_owned())"
---
[
    LineComment(
        "Variable declarations and type inference",
    ),
    NewLine,
    Const,
    Id(
        "int",
    ),
    Id(
        "MAX",
    ),
    Eq,
    Int(
        100,
    ),
    NewLine,
    Id(
        "int",
    ),
    Id(
        "explicit",
    ),
    Eq,
    Int(
        42,
    ),
    NewLine,
    Let,
    Id(
        "inferred",
    ),
    Eq,
    Float(
        4.89,
    ),
    NewLine,
    Let,
    Id(
        "name",
    ),
    Eq,
    Str(
        "Mux",
    ),
    NewLine,
    NewLine,
    Let,
    OpenParen,
    Id(
        "x",
    ),
    Comma,
    Underscore,
    CloseParen,
    Eq,
    OpenParen,
    Int(
        1,
    ),
    Comma,
    Int(
        2,
    ),
    CloseParen,
    LineComment(
        "underscore usage",
    ),
    NewLine,
    Let,
    Id(
        "flag",
    ),
    Eq,
    Bool(
        true,
    ),
    NewLine,
    Let,
    Id(
        "otherflag",
    ),
    Eq,
    Bool(
        false,
    ),
    NewLine,
]
