---
source: tests/lexer_integration.rs
expression: "format!(\"{:#?}\", actual_token_types.to_owned())"
---
[
    LineComment(
        "Pointers",
    ),
    NewLine,
    Id(
        "int",
    ),
    Id(
        "val",
    ),
    Eq,
    Int(
        10,
    ),
    NewLine,
    Auto,
    Id(
        "p",
    ),
    Eq,
    Ampersand,
    Id(
        "val",
    ),
    NewLine,
    Id(
        "print",
    ),
    OpenParen,
    Star,
    Id(
        "p",
    ),
    CloseParen,
    NewLine,
    Star,
    Id(
        "p",
    ),
    Eq,
    Int(
        20,
    ),
    NewLine,
    Id(
        "print",
    ),
    OpenParen,
    Id(
        "val",
    ),
    CloseParen,
    NewLine,
    NewLine,
    Auto,
    Id(
        "arr",
    ),
    Eq,
    Id(
        "list",
    ),
    Lt,
    Id(
        "int",
    ),
    Gt,
    OpenParen,
    OpenBracket,
    Int(
        1,
    ),
    Comma,
    Int(
        2,
    ),
    Comma,
    Int(
        3,
    ),
    CloseBracket,
    CloseParen,
    NewLine,
    Auto,
    Id(
        "q",
    ),
    Eq,
    Id(
        "arr",
    ),
    NewLine,
    Id(
        "q",
    ),
    PlusEq,
    Int(
        1,
    ),
    NewLine,
    Id(
        "print",
    ),
    OpenParen,
    Star,
    Id(
        "q",
    ),
    CloseParen,
    NewLine,
]
