---
source: tests/parser_integration.rs
description: AST for collections.mux
expression: ast
---
[
    Statement(
        StatementNode {
            kind: AutoDecl(
                "nums",
                TypeNode {
                    kind: Auto,
                    span: Span {
                        row_start: 2,
                        row_end: Some(
                            2,
                        ),
                        col_start: 6,
                        col_end: Some(
                            10,
                        ),
                    },
                },
                ExpressionNode {
                    kind: ListLiteral(
                        [
                            ExpressionNode {
                                kind: Literal(
                                    Integer(
                                        1,
                                    ),
                                ),
                                span: Span {
                                    row_start: 2,
                                    row_end: Some(
                                        2,
                                    ),
                                    col_start: 14,
                                    col_end: Some(
                                        15,
                                    ),
                                },
                            },
                            ExpressionNode {
                                kind: Literal(
                                    Integer(
                                        2,
                                    ),
                                ),
                                span: Span {
                                    row_start: 2,
                                    row_end: Some(
                                        2,
                                    ),
                                    col_start: 17,
                                    col_end: Some(
                                        18,
                                    ),
                                },
                            },
                            ExpressionNode {
                                kind: Literal(
                                    Integer(
                                        3,
                                    ),
                                ),
                                span: Span {
                                    row_start: 2,
                                    row_end: Some(
                                        2,
                                    ),
                                    col_start: 20,
                                    col_end: Some(
                                        21,
                                    ),
                                },
                            },
                            ExpressionNode {
                                kind: Literal(
                                    Integer(
                                        4,
                                    ),
                                ),
                                span: Span {
                                    row_start: 2,
                                    row_end: Some(
                                        2,
                                    ),
                                    col_start: 23,
                                    col_end: Some(
                                        24,
                                    ),
                                },
                            },
                        ],
                    ),
                    span: Span {
                        row_start: 2,
                        row_end: None,
                        col_start: 13,
                        col_end: None,
                    },
                },
            ),
            span: Span {
                row_start: 2,
                row_end: Some(
                    2,
                ),
                col_start: 1,
                col_end: Some(
                    5,
                ),
            },
        },
    ),
    Statement(
        StatementNode {
            kind: Expression(
                ExpressionNode {
                    kind: Binary {
                        left: ExpressionNode {
                            kind: Identifier(
                                "matrix",
                            ),
                            span: Span {
                                row_start: 5,
                                row_end: Some(
                                    5,
                                ),
                                col_start: 6,
                                col_end: Some(
                                    12,
                                ),
                            },
                        },
                        op: Assign,
                        right: ExpressionNode {
                            kind: ListLiteral(
                                [
                                    ExpressionNode {
                                        kind: ListLiteral(
                                            [
                                                ExpressionNode {
                                                    kind: Literal(
                                                        Integer(
                                                            1,
                                                        ),
                                                    ),
                                                    span: Span {
                                                        row_start: 5,
                                                        row_end: Some(
                                                            5,
                                                        ),
                                                        col_start: 17,
                                                        col_end: Some(
                                                            18,
                                                        ),
                                                    },
                                                },
                                                ExpressionNode {
                                                    kind: Literal(
                                                        Integer(
                                                            2,
                                                        ),
                                                    ),
                                                    span: Span {
                                                        row_start: 5,
                                                        row_end: Some(
                                                            5,
                                                        ),
                                                        col_start: 20,
                                                        col_end: Some(
                                                            21,
                                                        ),
                                                    },
                                                },
                                            ],
                                        ),
                                        span: Span {
                                            row_start: 5,
                                            row_end: None,
                                            col_start: 16,
                                            col_end: None,
                                        },
                                    },
                                    ExpressionNode {
                                        kind: ListLiteral(
                                            [
                                                ExpressionNode {
                                                    kind: Literal(
                                                        Integer(
                                                            3,
                                                        ),
                                                    ),
                                                    span: Span {
                                                        row_start: 5,
                                                        row_end: Some(
                                                            5,
                                                        ),
                                                        col_start: 25,
                                                        col_end: Some(
                                                            26,
                                                        ),
                                                    },
                                                },
                                                ExpressionNode {
                                                    kind: Literal(
                                                        Integer(
                                                            4,
                                                        ),
                                                    ),
                                                    span: Span {
                                                        row_start: 5,
                                                        row_end: Some(
                                                            5,
                                                        ),
                                                        col_start: 28,
                                                        col_end: Some(
                                                            29,
                                                        ),
                                                    },
                                                },
                                            ],
                                        ),
                                        span: Span {
                                            row_start: 5,
                                            row_end: None,
                                            col_start: 24,
                                            col_end: None,
                                        },
                                    },
                                ],
                            ),
                            span: Span {
                                row_start: 5,
                                row_end: None,
                                col_start: 15,
                                col_end: None,
                            },
                        },
                    },
                    span: Span {
                        row_start: 5,
                        row_end: Some(
                            5,
                        ),
                        col_start: 6,
                        col_end: Some(
                            12,
                        ),
                    },
                },
            ),
            span: Span {
                row_start: 5,
                row_end: None,
                col_start: 30,
                col_end: None,
            },
        },
    ),
]
