---
source: tests/source_integration.rs
expression: "format!(\"{:#?}\", expected)"
---
"import std.print\n// Enums and Classes\nenum Shape { Circle(float r), Rectangle(float w, float h) }\n\ninterface Drawable { func draw() returns void }\n\nclass Circle is Drawable {\n    float radius\n    func draw() returns void { print(\"Circle radius=\" + radius) }\n}\n"
