---
source: mux-compiler/tests/source_integration.rs
expression: "format!(\"{:#?}\", expected)"
---
"// Simple generic class test\nclass Box<T> {\n    T value\n    \n    func get() returns T {\n        return self.value\n    }\n    \n    func set(T new_value) returns void {\n        self.value = new_value\n    }\n    \n    func to_string() returns string {\n        return \"Box with: \" + self.value.to_string()\n    }\n}\n\nauto int_box = Box<int>.new()\nint_box.set(42)\nprint(int_box.to_string())\n\nauto string_box = Box<string>.new()\nstring_box.set(\"hello\")\nprint(string_box.to_string())\n\nprint(\"Generic class test completed\")\n"
