---
source: mux-compiler/tests/source_integration.rs
expression: "format!(\"{:#?}\", expected)"
---
"// Collections\nauto nums = [1, 2, 3, 4]\nauto scores = {\"Alice\": 90, \"Bob\": 85}\nauto matrix = [[1, 2], [3, 4]]\n\nauto avgs = {\"Alice\": 90, \"Bob\": 85}\nauto grid = [[1, 2], [3, 4]]\nauto myset = {1, 2, 4}\n\nprintln(\"nums: \" + nums.to_string())\nprintln(\"scores: \" + scores.to_string())\nprintln(\"matrix: \" + matrix.to_string())\nprintln(\"avgs: \" + avgs.to_string())\nprintln(\"grid: \" + grid.to_string())\nprintln(\"myset: \" + myset.to_string())\n"
