---
source: tests/source_integration.rs
expression: "format!(\"{:#?}\", expected)"
---
"// Control flow\nauto x = 5\nif x > 0 { print(\"Positive\") } else { print(\"Non-positive\") }\n\nmatch Some(15) {\n    Some(v) if v > 10 { print(\"Large: \" + v) }\n    Some(v) { print(\"Small: \" + v) }\n    None { print(\"None\") }\n}\n\nfor int i in range(0, 3) { print(i) }\n\nfor int j in range(0, 10) {\n    if j % 2 == 0 {\n        print(\"even\")\n    } else {\n        print(\"odd\")\n    }\n}\n\nwhile x > 0 { x -= 1 }\n\nif x < 0 {\n    print(\"Negative\")\n}\n\nif x == 0 {\n    print(\"Zero\")\n} else {\n    print(\"Non-zero\")\n}\n\nif x > 10 {\n    print(\"gt10\")\n} else if x > 5 {\n    print(\"gt5\")\n} else {\n    print(\"other\")\n}\n\nfor int j in range(0, 3) {\n    if j == 1 {\n        print(\"one\")\n    } else if j == 0 {\n        print(\"zero\")\n    }\n}\n\nwhile x < 3 {\n    x = x + 1\n}\n\nif x > 1\n{\n    print(\"nl brace then\")\n}\nelse\n{\n    print(\"nl brace else\")\n}\n"
