---
source: mux-compiler/tests/source_integration.rs
expression: "format!(\"{:#?}\", expected)"
---
"list<int> test = []\ntest.push_back(3)\ntest.push_back(4)\n\nprintln(test.to_string())\n\ntest.push(2)\nprintln(test.to_string())\ntest.push(1)\n\nprintln(test.to_string())\n\nauto front_pop = test.pop()\nauto back_pop = test.pop_back()\n\nprintln(test.to_string())\nprintln(\"--------\")\n\nmatch front_pop {\n    Some(val) {\n        println(\"front pop: \" + val.to_string())\n    }\n    _ {\n        println(\"issue\")\n    }\n}\nmatch back_pop {\n    Some(val) {\n        println(\"back pop: \" + val.to_string())\n    }\n    _ {\n        println(\"issue\")\n    }\n}\n"
