---
source: mux-compiler/tests/source_integration.rs
expression: "format!(\"{:#?}\", expected)"
---
"// Test forward referencing: mutual recursion\nfn even(int n) returns bool {\n    if n == 0 {\n        return true\n    } else {\n        return odd(n - 1)\n    }\n}\n\nfn odd(int n) returns bool {\n    if n == 0 {\n        return false\n    } else {\n        return even(n - 1)\n    }\n}\n\nfn main() returns void {\n    println(even(4).to_string())\n    println(odd(5).to_string())\n    println(even(7).to_string())\n    println(odd(8).to_string())\n}\n"
